
> authentic-furniture@0.1.0 build
> next build

   Γû▓ Next.js 15.3.4
   - Environments: .env.local

   Creating an optimized production build ...
 Γ£ô Compiled successfully in 10.0s
   Skipping linting
   Checking validity of types ...
node.exe : Failed to 
compile.
At C:\Program Files\n
odejs\npm.ps1:29 
char:3
+   & $NODE_EXE 
$NPM_CLI_JS $args
+   ~~~~~~~~~~~~~~~~~
~~~~~~~~~~~~
    + CategoryInfo   
           : NotSpe  
  cified: (Failed    
 to compile.:Stri    
ng) [], RemoteEx    
ception
    + FullyQualified 
   ErrorId : Native  
  CommandError
 

./components/ui/nextu
i-chip.tsx:49:18
Type error: 
Interface 
'ChipProps' cannot 
simultaneously 
extend types 'HTMLAtt
ributes<HTMLDivElemen
t>' and 'VariantProps
<(props?: 
(ConfigVariants<{ 
variant: { solid: 
string; bordered: 
string; light: 
string; flat: 
string; faded: 
string; shadow: 
string; dot: string; 
}; size: { sm: 
string; md: string; 
lg: string; }; 
radius: { none: 
string; sm: string; 
md: string; lg: 
string; full: 
string; }; color: { 
...; }; }> & 
ClassProp) ...'.
  Named property 
'color' of types 'HTM
LAttributes<HTMLDivEl
ement>' and 'VariantP
rops<(props?: 
(ConfigVariants<{ 
variant: { solid: 
string; bordered: 
string; light: 
string; flat: 
string; faded: 
string; shadow: 
string; dot: string; 
}; size: { sm: 
string; md: string; 
lg: string; }; 
radius: { none: 
string; sm: string; 
md: string; lg: 
string; full: 
string; }; color: { 
...; }; }> & 
ClassProp) ...' are 
not identical.

[0m [90m 47 |[39m 
)[0m
[0m [90m 48 
|[39m[0m
[0m[31m[1m>[22m[
39m[90m 49 |[39m 
[36mexport[39m 
[36minterface[39m 
[33mChipProps[39m[0
m
[0m [90m    |[39m 
                 [31
m[1m^[22m[39m[0m
[0m [90m 50 |[39m 
  [36mextends[39m 
[33mReact[39m[33m.
[39m[33mHTMLAttribut
es[39m[33m<[39m[3
3mHTMLDivElement[39m
[33m>[39m[33m,[39
m[0m
[0m [90m 51 |[39m 
    [33mVariantProps
[39m[33m<[39m[36m
typeof[39m chipVaria
nts[33m>[39m {[0m
[0m [90m 52 |[39m 
  startContent[33m?
[39m[33m:[39m [33m
React[39m[33m.[39m
[33mReactNode[39m[
0m
Next.js build worker 
exited with code: 1 
and signal: null
