
> authentic-furniture@0.1.0 build
> next build

node.exe : [baseline-
browser-mapping] The 
data in this module 
is over two months 
old.  To ensure 
accurate Baseline 
data, please update: 
`npm i baseline-brows
er-mapping@latest -D`
At C:\Program Files\n
odejs\npm.ps1:29 
char:3
+   & $NODE_EXE 
$NPM_CLI_JS $args
+   ~~~~~~~~~~~~~~~~~
~~~~~~~~~~~~
    + CategoryInfo   
           : NotSpe  
  cified: ([baseli   
 ne-brows...ping@    
latest -D`:Strin    
g) [], RemoteExc    
eption
    + FullyQualified 
   ErrorId : Native  
  CommandError
 
 ΓÜá Warning: 
Next.js inferred 
your workspace root, 
but it may not be 
correct.
 We detected 
multiple lockfiles 
and selected the 
directory of C:\Users
\phonex\package-lock.
json as the root 
directory.
 To silence this 
warning, set 
`turbopack.root` in 
your Next.js config, 
or consider removing 
one of the lockfiles 
if it's not needed.
   See https://nextjs
.org/docs/app/api-ref
erence/config/next-co
nfig-js/turbopack#roo
t-directory for more 
information.
 Detected additional 
lockfiles: 
   * C:\Users\phonex\
Desktop\project\Authe
nticFurniture\package
-lock.json
   * C:\Users\phonex\
Desktop\project\packa
ge-lock.json

   Γû▓ Next.js 16.0.4 (Turbopack)
   - Environments: .env.local

 ΓÜá The 
"middleware" file 
convention is 
deprecated. Please 
use "proxy" instead. 
Learn more: https://n
extjs.org/docs/messag
es/middleware-to-prox
y
   Creating an optimized production build ...
[baseline-browser-map
ping] The data in 
this module is over 
two months old.  To 
ensure accurate 
Baseline data, 
please update: `npm 
i baseline-browser-ma
pping@latest -D`
 Γ£ô Compiled successfully in 13.0s
   Skipping validation of types
   Collecting page data using 11 workers ...
[baseline-browser-map
ping] The data in 
this module is over 
two months old.  To 
ensure accurate 
Baseline data, 
please update: `npm 
i baseline-browser-ma
pping@latest -D`
[baseline-browser-map
ping] The data in 
this module is over 
two months old.  To 
ensure accurate 
Baseline data, 
please update: `npm 
i baseline-browser-ma
pping@latest -D`
[baseline-browser-map
ping] The data in 
this module is over 
two months old.  To 
ensure accurate 
Baseline data, 
please update: `npm 
i baseline-browser-ma
pping@latest -D`
[baseline-browser-map
ping] The data in 
this module is over 
two months old.  To 
ensure accurate 
Baseline data, 
please update: `npm 
i baseline-browser-ma
pping@latest -D`
[baseline-browser-map
ping] The data in 
this module is over 
two months old.  To 
ensure accurate 
Baseline data, 
please update: `npm 
i baseline-browser-ma
pping@latest -D`
[baseline-browser-map
ping] The data in 
this module is over 
two months old.  To 
ensure accurate 
Baseline data, 
please update: `npm 
i baseline-browser-ma
pping@latest -D`
[baseline-browser-map
ping] The data in 
this module is over 
two months old.  To 
ensure accurate 
Baseline data, 
please update: `npm 
i baseline-browser-ma
pping@latest -D`
[baseline-browser-map
ping] The data in 
this module is over 
two months old.  To 
ensure accurate 
Baseline data, 
please update: `npm 
i baseline-browser-ma
pping@latest -D`
[baseline-browser-map
ping] The data in 
this module is over 
two months old.  To 
ensure accurate 
Baseline data, 
please update: `npm 
i baseline-browser-ma
pping@latest -D`
[baseline-browser-map
ping] The data in 
this module is over 
two months old.  To 
ensure accurate 
Baseline data, 
please update: `npm 
i baseline-browser-ma
pping@latest -D`
[baseline-browser-map
ping] The data in 
this module is over 
two months old.  To 
ensure accurate 
Baseline data, 
please update: `npm 
i baseline-browser-ma
pping@latest -D`
≡ƒöº Creating Supabase client with URL: https://nufciijehcapowhhggcl.supabase.co
Γ£à Supabase client created with direct config
Γ£à Supabase client created with direct config
Γ£à Supabase client created with direct config
Γ£à Supabase client created with direct config
≡ƒöº Creating Supabase client with URL: https://nufciijehcapowhhggcl.supabase.co
≡ƒöº Creating Supabase client with URL: https://nufciijehcapowhhggcl.supabase.co
Γ£à Supabase client created with direct config
Γ£à Supabase client created with direct config
≡ƒöº Creating Supabase client with URL: https://nufciijehcapowhhggcl.supabase.co
Γ£à Supabase client created with direct config
≡ƒöº Creating Supabase client with URL: https://nufciijehcapowhhggcl.supabase.co
Γ£à Supabase client created with direct config
≡ƒöº Creating Supabase client with URL: https://nufciijehcapowhhggcl.supabase.co
Γ£à Supabase client created with direct config
   Generating static pages using 11 workers (0/50) ...
[baseline-browser-map
ping] The data in 
this module is over 
two months old.  To 
ensure accurate 
Baseline data, 
please update: `npm 
i baseline-browser-ma
pping@latest -D`
[baseline-browser-map
ping] The data in 
this module is over 
two months old.  To 
ensure accurate 
Baseline data, 
please update: `npm 
i baseline-browser-ma
pping@latest -D`
Γ£à Supabase client created with direct config
Γ£à Supabase client created with direct config
≡ƒöº Creating Supabase client with URL: https://nufciijehcapowhhggcl.supabase.co
 Γ¿» 
useSearchParams() 
should be wrapped in 
a suspense boundary 
at page 
"/admin/blog". Read 
more: https://nextjs.
org/docs/messages/mis
sing-suspense-with-cs
r-bailout
    at S (C:\Users\ph
onex\Desktop\project\
AuthenticFurniture\.n
ext\server\chunks\ssr
\2f9f2_next_dist_9503
a354._.js:2:2111)
    at p (C:\Users\ph
onex\Desktop\project\
AuthenticFurniture\.n
ext\server\chunks\ssr
\2f9f2_next_f13ac2a2.
_.js:1:11464)
    at bg (C:\Users\p
honex\Desktop\project
\AuthenticFurniture\.
next\server\chunks\ss
r\Desktop_project_Aut
henticFurniture_e0321
48f._.js:1:35347)
    at ar (C:\Users\p
honex\Desktop\project
\AuthenticFurniture\n
ode_modules\next\dist
\compiled\next-server
\app-page-turbo.runti
me.prod.js:2:84366)
    at aa (C:\Users\p
honex\Desktop\project
\AuthenticFurniture\n
ode_modules\next\dist
\compiled\next-server
\app-page-turbo.runti
me.prod.js:2:86185)
    at aa (C:\Users\p
honex\Desktop\project
\AuthenticFurniture\n
ode_modules\next\dist
\compiled\next-server
\app-page-turbo.runti
me.prod.js:2:104714)
    at as (C:\Users\p
honex\Desktop\project
\AuthenticFurniture\n
ode_modules\next\dist
\compiled\next-server
\app-page-turbo.runti
me.prod.js:2:107952)
    at ao (C:\Users\p
honex\Desktop\project
\AuthenticFurniture\n
ode_modules\next\dist
\compiled\next-server
\app-page-turbo.runti
me.prod.js:2:105374)
    at ah (C:\Users\p
honex\Desktop\project
\AuthenticFurniture\n
ode_modules\next\dist
\compiled\next-server
\app-page-turbo.runti
me.prod.js:2:112881)
    at al (C:\Users\p
honex\Desktop\project
\AuthenticFurniture\n
ode_modules\next\dist
\compiled\next-server
\app-page-turbo.runti
me.prod.js:2:109984)
Error occurred 
prerendering page 
"/admin/blog". Read 
more: https://nextjs.
org/docs/messages/pre
render-error
Export encountered 
an error on 
/admin/blog/page: 
/admin/blog, exiting 
the build.
 Γ¿» Next.js build 
worker exited with 
code: 1 and signal: 
null
