components/ui/nextui-chip.tsx(49,18): error TS2320: Interface 'ChipProps' cannot simultaneously extend types 'HTMLAttributes<HTMLDivElement>' and 'VariantProps<(props?: (ConfigVariants<{ variant: { solid: string; bordered: string; light: string; flat: string; faded: string; shadow: string; dot: string; }; size: { sm: string; md: string; lg: string; }; radius: { none: string; sm: string; md: string; lg: string; full: string; }; color: { ...; }; }> & ClassProp) ...'.
  Named property 'color' of types 'HTMLAttributes<HTMLDivElement>' and 'VariantProps<(props?: (ConfigVariants<{ variant: { solid: string; bordered: string; light: string; flat: string; faded: string; shadow: string; dot: string; }; size: { sm: string; md: string; lg: string; }; radius: { none: string; sm: string; md: string; lg: string; full: string; }; color: { ...; }; }> & ClassProp) ...' are not identical.
components/ui/nextui-chip.tsx(62,61): error TS2322: Type 'string | undefined' is not assignable to type '"primary" | "secondary" | "default" | "success" | "warning" | "danger" | null | undefined'.
  Type 'string' is not assignable to type '"primary" | "secondary" | "default" | "success" | "warning" | "danger" | null | undefined'.
lib/blog.ts(306,33): error TS2339: Property 'raw' does not exist on type 'SupabaseClient<any, "public", any>'.
lib/blog.ts(330,33): error TS2339: Property 'raw' does not exist on type 'SupabaseClient<any, "public", any>'.
lib/products-server.ts(390,37): error TS7006: Parameter 'existing' implicitly has an 'any' type.
lib/products-server.ts(437,53): error TS7006: Parameter 'item' implicitly has an 'any' type.
lib/products-server.ts(438,5): error TS2322: Type 'unknown[]' is not assignable to type 'string[]'.
  Type 'unknown' is not assignable to type 'string'.
lib/supabase-auth.ts(41,21): error TS2339: Property 'user_metadata' does not exist on type '{ user: User; }'.
lib/supabase-auth.ts(41,49): error TS2339: Property 'app_metadata' does not exist on type '{ user: User; }'.
